// Jest Snapshot v1, https://goo.gl/fbAQLP

exports[`Seats Component tests Seats should match snapshot 1`] = `
<div
  className="seats-container"
>
  <span />
</div>
`;
